1.
scala> import org.apache.log4j.Logger
import org.apache.log4j.Logger

scala> import org.apache.log4j.Level
import org.apache.log4j.Level

scala> Logger.getLogger("org")
res0: org.apache.log4j.Logger = org.apache.log4j.Logger@20eca2b5

scala> print(rootLogger.getLevel())
INFO

scala> rootLogger.setLevel(Level.ERROR)

scala> print(rootLogger.getLevel())
ERROR

2.
[training@localhost ~]$ cat /etc/spark/conf/log4j.properties
# Set everything to be logged to the console
log4j.rootCategory=INFO, console
log4j.appender.console=org.apache.log4j.ConsoleAppender
log4j.appender.console.target=System.err
log4j.appender.console.layout=org.apache.log4j.PatternLayout
log4j.appender.console.layout.ConversionPattern=%d{yy/MM/dd HH:mm:ss} %p %c{1}: %m%n

# Settings to quiet third party logs that are too verbose
log4j.logger.org.eclipse.jetty=WARN
log4j.logger.org.eclipse.jetty.util.component.AbstractLifeCycle=ERROR
log4j.logger.org.apache.spark.repl.SparkIMain$exprTyper=INFO
log4j.logger.org.apache.spark.repl.SparkILoop$SparkILoopInterpreter=INFO